Flow report for CRC
Tue Nov 21 23:07:17 2017
Quartus II 32-bit Version 13.1.4 Build 182 03/12/2014 SJ Web Edition


---------------------
; Table of Contents ;
---------------------
  1. Legal Notice
  2. Flow Summary
  3. Flow Settings
  4. Flow Non-Default Global Settings
  5. Flow Elapsed Time
  6. Flow OS Summary
  7. Flow Log
  8. Flow Messages
  9. Flow Suppressed Messages



----------------
; Legal Notice ;
----------------
Copyright (C) 1991-2014 Altera Corporation
Your use of Altera Corporation's design tools, logic functions 
and other software and tools, and its AMPP partner logic 
functions, and any output files from any of the foregoing 
(including device programming or simulation files), and any 
associated documentation or information are expressly subject 
to the terms and conditions of the Altera Program License 
Subscription Agreement, Altera MegaCore Function License 
Agreement, or other applicable license agreement, including, 
without limitation, that your use is for the sole purpose of 
programming logic devices manufactured by Altera and sold by 
Altera or its authorized distributors.  Please refer to the 
applicable agreement for further details.



+---------------------------------------------------------------------------------+
; Flow Summary                                                                    ;
+------------------------------------+--------------------------------------------+
; Flow Status                        ; Successful - Tue Nov 21 23:07:17 2017      ;
; Quartus II 32-bit Version          ; 13.1.4 Build 182 03/12/2014 SJ Web Edition ;
; Revision Name                      ; CRC                                        ;
; Top-level Entity Name              ; ShiftRegister                              ;
; Family                             ; Cyclone IV GX                              ;
; Total logic elements               ; 0 / 14,400 ( 0 % )                         ;
;     Total combinational functions  ; 0 / 14,400 ( 0 % )                         ;
;     Dedicated logic registers      ; 0 / 14,400 ( 0 % )                         ;
; Total registers                    ; 0                                          ;
; Total pins                         ; 32 / 81 ( 40 % )                           ;
; Total virtual pins                 ; 0                                          ;
; Total memory bits                  ; 0 / 552,960 ( 0 % )                        ;
; Embedded Multiplier 9-bit elements ; 0                                          ;
; Total GXB Receiver Channel PCS     ; 0 / 2 ( 0 % )                              ;
; Total GXB Receiver Channel PMA     ; 0 / 2 ( 0 % )                              ;
; Total GXB Transmitter Channel PCS  ; 0 / 2 ( 0 % )                              ;
; Total GXB Transmitter Channel PMA  ; 0 / 2 ( 0 % )                              ;
; Total PLLs                         ; 0 / 3 ( 0 % )                              ;
; Device                             ; EP4CGX15BF14C6                             ;
; Timing Models                      ; Final                                      ;
+------------------------------------+--------------------------------------------+


+-----------------------------------------+
; Flow Settings                           ;
+-------------------+---------------------+
; Option            ; Setting             ;
+-------------------+---------------------+
; Start date & time ; 11/21/2017 23:02:46 ;
; Main task         ; Compilation         ;
; Revision Name     ; CRC                 ;
+-------------------+---------------------+


+----------------------------------------------------------------------------------------------------------------------+
; Flow Non-Default Global Settings                                                                                     ;
+-------------------------------------+-------------------------------+---------------+---------------+----------------+
; Assignment Name                     ; Value                         ; Default Value ; Entity Name   ; Section Id     ;
+-------------------------------------+-------------------------------+---------------+---------------+----------------+
; COMPILER_SIGNATURE_ID               ; 8796750168636.151130536502808 ; --            ; --            ; --             ;
; EDA_GENERATE_FUNCTIONAL_NETLIST     ; On                            ; --            ; --            ; eda_simulation ;
; EDA_NETLIST_WRITER_OUTPUT_DIR       ; E:/Project/simulation/qsim/   ; --            ; --            ; eda_simulation ;
; EDA_OUTPUT_DATA_FORMAT              ; Verilog Hdl                   ; --            ; --            ; eda_simulation ;
; EDA_SIMULATION_TOOL                 ; ModelSim-Altera (Verilog)     ; <None>        ; --            ; --             ;
; EDA_TIME_SCALE                      ; 1 ps                          ; --            ; --            ; eda_simulation ;
; PARTITION_COLOR                     ; 16764057                      ; --            ; ShiftRegister ; Top            ;
; PARTITION_FITTER_PRESERVATION_LEVEL ; PLACEMENT_AND_ROUTING         ; --            ; ShiftRegister ; Top            ;
; PARTITION_NETLIST_TYPE              ; SOURCE                        ; --            ; ShiftRegister ; Top            ;
; PROJECT_OUTPUT_DIRECTORY            ; output_files                  ; --            ; --            ; --             ;
; TOP_LEVEL_ENTITY                    ; ShiftRegister                 ; CRC           ; --            ; --             ;
+-------------------------------------+-------------------------------+---------------+---------------+----------------+


+-------------------------------------------------------------------------------------------------------------------------------+
; Flow Elapsed Time                                                                                                             ;
+---------------------------+--------------+-------------------------+---------------------+------------------------------------+
; Module Name               ; Elapsed Time ; Average Processors Used ; Peak Virtual Memory ; Total CPU Time (on all processors) ;
+---------------------------+--------------+-------------------------+---------------------+------------------------------------+
; Analysis & Synthesis      ; 00:00:02     ; 1.0                     ; 434 MB              ; 00:00:02                           ;
; Fitter                    ; 00:00:08     ; 1.4                     ; 722 MB              ; 00:00:08                           ;
; Assembler                 ; 00:00:01     ; 1.0                     ; 412 MB              ; 00:00:02                           ;
; TimeQuest Timing Analyzer ; 00:00:03     ; 1.0                     ; 415 MB              ; 00:00:03                           ;
; EDA Netlist Writer        ; 00:00:01     ; 1.0                     ; 364 MB              ; 00:00:01                           ;
; EDA Netlist Writer        ; 00:00:00     ; 1.0                     ; 373 MB              ; 00:00:01                           ;
; EDA Netlist Writer        ; 00:00:01     ; 1.0                     ; 376 MB              ; 00:00:01                           ;
; EDA Netlist Writer        ; 00:00:01     ; 1.0                     ; 373 MB              ; 00:00:01                           ;
; EDA Netlist Writer        ; 00:00:01     ; 1.0                     ; 376 MB              ; 00:00:01                           ;
; Total                     ; 00:00:18     ; --                      ; --                  ; 00:00:20                           ;
+---------------------------+--------------+-------------------------+---------------------+------------------------------------+


+----------------------------------------------------------------------------------------+
; Flow OS Summary                                                                        ;
+---------------------------+------------------+-----------+------------+----------------+
; Module Name               ; Machine Hostname ; OS Name   ; OS Version ; Processor type ;
+---------------------------+------------------+-----------+------------+----------------+
; Analysis & Synthesis      ; Cristiana-PC     ; Windows 7 ; 6.1        ; x86_64         ;
; Fitter                    ; Cristiana-PC     ; Windows 7 ; 6.1        ; x86_64         ;
; Assembler                 ; Cristiana-PC     ; Windows 7 ; 6.1        ; x86_64         ;
; TimeQuest Timing Analyzer ; Cristiana-PC     ; Windows 7 ; 6.1        ; x86_64         ;
; EDA Netlist Writer        ; Cristiana-PC     ; Windows 7 ; 6.1        ; x86_64         ;
; EDA Netlist Writer        ; Cristiana-PC     ; Windows 7 ; 6.1        ; x86_64         ;
; EDA Netlist Writer        ; Cristiana-PC     ; Windows 7 ; 6.1        ; x86_64         ;
; EDA Netlist Writer        ; Cristiana-PC     ; Windows 7 ; 6.1        ; x86_64         ;
; EDA Netlist Writer        ; Cristiana-PC     ; Windows 7 ; 6.1        ; x86_64         ;
+---------------------------+------------------+-----------+------------+----------------+


------------
; Flow Log ;
------------
quartus_map --read_settings_files=on --write_settings_files=off CRC -c CRC
quartus_fit --read_settings_files=off --write_settings_files=off CRC -c CRC
quartus_asm --read_settings_files=off --write_settings_files=off CRC -c CRC
quartus_sta CRC -c CRC
quartus_eda --read_settings_files=off --write_settings_files=off CRC -c CRC
quartus_eda --gen_testbench --check_outputs=on --tool=modelsim_oem --format=verilog CRC -c CRC --vector_source=E:/Project/CRC.vwf --testbench_file=E:/Project/simulation/qsim/CRC.vwf.vt
quartus_eda --functional=on --flatten_buses=off --simulation=on --tool=modelsim_oem --format=verilog --output_directory=E:/Project/simulation/qsim/ CRC -c CRC
quartus_eda --gen_testbench --check_outputs=on --tool=modelsim_oem --format=verilog CRC -c CRC --vector_source=E:/Project/CRC.vwf --testbench_file=E:/Project/simulation/qsim/CRC.vwf.vt
quartus_eda --functional=on --flatten_buses=off --simulation=on --tool=modelsim_oem --format=verilog --output_directory=E:/Project/simulation/qsim/ CRC -c CRC



